// Jest Snapshot v1, https://goo.gl/fbAQLP

exports[`<SignupPage /> 1`] = `undefined`;
