// Jest Snapshot v1, https://goo.gl/fbAQLP

exports[`<LandingBody /> 1`] = `undefined`;
